#,,,,,,,,,,,"generated_by='OpenQuake engine 3.13.0-git07591eb51e', start_date='2021-10-08T09:49:02', checksum=88590525, kind='mean', investigation_time=50.0, imt='MMI'"
lon,lat,depth,poe-4.0000000,poe-5.0000000,poe-6.0000000,poe-7.0000000,poe-8.0000000,poe-9.0000000,poe-10.0000000,poe-11.0000000,poe-12.0000000
69.24415,41.30912,0.00000,8.323908E-05,7.374010E-07,0.000000E+00,0.000000E+00,0.000000E+00,0.000000E+00,0.000000E+00,0.000000E+00,0.000000E+00
