                         dmg_1  dmg_2
event_id agg_id loss_id              
0        0      0          1.0    0.0
         3      0          1.0    0.0
1        0      0          2.0    1.0
         3      0          2.0    1.0
2        0      0          2.0    0.0
...                        ...    ...
39       3      0        191.0   48.0
40       2      0         89.0    6.0
         3      0         89.0    6.0
41       2      0        217.0  185.0
         3      0        217.0  185.0

[99 rows x 2 columns]