#,,"generated_by='OpenQuake engine 3.13.0-git7c68bd3775', start_date='2021-09-27T05:54:42', checksum=2265768988, investigation_time=None, risk_investigation_time=None"
loss_type,loss_value,loss_ratio
structural,1.62776E+06,1.52927E-02
