#,,,,,,,,,,,,,,,,,,,,,,"generated_by='OpenQuake engine 3.14.0-git032091ba7c', start_date='2022-04-04T06:46:41', checksum=2582728725, kind='mean', investigation_time=50.0, imt='PGA'"
lon,lat,depth,poe-0.0010000,poe-0.0012743,poe-0.0016238,poe-0.0020691,poe-0.0026367,poe-0.0033598,poe-0.0042813,poe-0.0054556,poe-0.0069519,poe-0.0088587,poe-0.0112884,poe-0.0143845,poe-0.0183298,poe-0.0233572,poe-0.0297635,poe-0.0379269,poe-0.0483293,poe-0.0615848,poe-0.0784760,poe-0.1000000
1.10000,-1.90000,0.00000,9.875825E-01,9.835911E-01,9.737229E-01,9.490086E-01,8.890082E-01,7.626309E-01,5.593867E-01,3.302231E-01,1.521933E-01,5.342823E-02,1.245552E-02,8.512085E-04,0.000000E+00,0.000000E+00,0.000000E+00,0.000000E+00,0.000000E+00,0.000000E+00,0.000000E+00,0.000000E+00
1.10000,-1.10000,0.00000,9.895980E-01,9.887704E-01,9.867135E-01,9.818696E-01,9.704750E-01,9.434075E-01,8.815125E-01,7.580203E-01,5.651413E-01,3.462072E-01,1.691502E-01,6.461510E-02,1.848868E-02,3.010282E-03,5.906986E-05,0.000000E+00,0.000000E+00,0.000000E+00,0.000000E+00,0.000000E+00
