#,,"generated_by='OpenQuake engine 3.13.0-git7c68bd3775', start_date='2021-09-27T05:54:42', checksum=2525330734, investigation_time=None, risk_investigation_time=None"
loss_type,loss_value,loss_ratio
structural,1.38090E+06,1.34313E-03
