                         dmg_1  dmg_2
event_id agg_id loss_id              
0        1      0          1.0    0.0
         6      0          1.0    0.0
1        1      0          2.0    1.0
         6      0          2.0    1.0
2        1      0          2.0    0.0
...                        ...    ...
39       6      0        191.0   48.0
40       5      0         89.0    6.0
         6      0         89.0    6.0
41       5      0        217.0  185.0
         6      0        217.0  185.0

[99 rows x 2 columns]