#,,,,,,,,,,,,,,,,,,,,,,"generated_by='OpenQuake engine 3.13.0-gita1b1dbd90f', start_date='2022-01-20T07:15:07', checksum=3487317861, kind='mean', investigation_time=1.0, imt='PGA'"
lon,lat,depth,poe-0.0010000,poe-0.0015656,poe-0.0024511,poe-0.0038375,poe-0.0060080,poe-0.0094062,poe-0.0147264,poe-0.0230557,poe-0.0360962,poe-0.0565124,poe-0.0884762,poe-0.1385189,poe-0.2168661,poe-0.3395269,poe-0.5315656,poe-0.8322225,poe-1.3029331,poe-2.0398806,poe-3.1936504,poe-5.0000000
-78.79320,0.19210,0.00000,3.746866E-04,3.746866E-04,3.746866E-04,3.746866E-04,3.742636E-04,3.713309E-04,3.596193E-04,3.278407E-04,2.673702E-04,1.868317E-04,1.108260E-04,5.708533E-05,2.576033E-05,9.838024E-06,2.866124E-06,5.627552E-07,5.770175E-08,0.000000E+00,0.000000E+00,0.000000E+00
