                rlz_id  return_period   losses
agg_id loss_id                                
0      0             0             50      0.0
       0             0            100  24359.0
       0             0            200  63780.0
       0             0            500  72316.0
       0             0           1000  72316.0
1      0             0             50      0.0
       0             0            100    125.0
       0             0            200    235.0
       0             0            500    404.0
       0             0           1000    430.0
2      0             0             50      0.0
       0             0            100     33.0
       0             0            200    117.0
       0             0            500    136.0
       0             0           1000    136.0
5      0             0             50      0.0
       0             0            100      8.0
       0             0            200    131.0
       0             0            500    158.0
       0             0           1000    222.0
6      0             0             50    235.0
       0             0            100  24393.0
       0             0            200  63897.0
       0             0            500  72452.0
       0             0           1000  72452.0