#,,,,,,"generated_by='OpenQuake engine 3.14.0-git7949a2d8c6', start_date='2022-03-09T06:45:10', checksum=3759010976, kind='mean', investigation_time=1.0, imt='PGA'"
lon,lat,depth,poe-0.1000000,poe-0.4000000,poe-0.6000000,poe-1.0000000
0.10000,0.00000,0.00000,1.219749E-02,5.329599E-04,7.042584E-05,0.000000E+00
