#,,,,,,,,,,,,,,,,,"generated_by='OpenQuake engine 3.14.0-git7c053c6e23', start_date='2022-03-14T07:36:11', checksum=2966216328, kind='mean', investigation_time=50.0"
lon,lat,0.1~PGA,0.1~SA(0.025),0.1~SA(0.05),0.1~SA(0.1),0.1~SA(0.2),0.1~SA(0.5),0.1~SA(1.0),0.1~SA(2.0),0.02~PGA,0.02~SA(0.025),0.02~SA(0.05),0.02~SA(0.1),0.02~SA(0.2),0.02~SA(0.5),0.02~SA(1.0),0.02~SA(2.0)
0.00000,0.00000,3.322547E-01,3.644728E-01,4.700327E-01,7.507491E-01,7.597560E-01,4.170677E-01,2.103164E-01,9.147194E-02,5.235422E-01,5.750347E-01,7.454104E-01,1.199651E+00,1.236364E+00,7.146330E-01,3.761812E-01,1.732672E-01
0.10000,0.00000,3.330072E-01,3.660637E-01,4.742172E-01,7.554984E-01,7.509881E-01,4.108965E-01,2.064885E-01,8.868363E-02,5.385242E-01,5.930785E-01,7.744408E-01,1.242931E+00,1.250673E+00,7.204587E-01,3.779134E-01,1.717470E-01
