#,,,,,,,,,"generated_by='OpenQuake engine 3.13.0-gitbbe3e7d5bd', start_date='2021-11-15T17:21:37', checksum=2148057655, investigation_time=50.0, ses_per_logic_tree_path=1"
rup_id,multiplicity,mag,centroid_lon,centroid_lat,centroid_depth,trt,strike,dip,rake
0,1,5.400000E+00,1.459040E+02,4.339700E+01,5.200000E+01,Subduction Interface - North East Correction,2.427020E+02,3.441956E+01,9.000000E+01
1,1,7.900000E+00,1.460250E+02,4.289000E+01,2.580000E+01,Subduction Interface - North East Correction,NAN,NAN,9.000000E+01
