---
source: tests/integration_test.rs
expression: output_lines

---
- "STDOUT:"
- "tests/fixtures/fake_source_file.rs:9:1: A dummy linter failure [DUMMY]"
- ""
- ""
- "STDERR:"

