                rlz_id  return_period   losses
agg_id loss_id                                
0      0             0             50      0.0
       0             0            100    125.0
       0             0            200    235.0
       0             0            500    404.0
       0             0           1000    430.0
1      0             0             50      0.0
       0             0            100      8.0
       0             0            200    131.0
       0             0            500    158.0
       0             0           1000    222.0
2      0             0             50      0.0
       0             0            100  24118.0
       0             0            200  63149.0
       0             0            500  71600.0
       0             0           1000  71600.0
3      0             0             50      0.0
       0             0            100     33.0
       0             0            200    117.0
       0             0            500    136.0
       0             0           1000    136.0
4      0             0             50      0.0
       0             0            100    241.0
       0             0            200    631.0
       0             0            500    716.0
       0             0           1000    716.0
5      0             0             50    235.0
       0             0            100  24393.0
       0             0            200  63897.0
       0             0            500  72452.0
       0             0           1000  72452.0