#,,,"generated_by='OpenQuake engine 3.14.0-git93dc5f6859', start_date='2022-03-25T06:58:56', checksum=2643904665, risk_investigation_time=50.0, num_events=22, effective_time=1000.0, limit_states=''"
return_period,loss_type,loss_value,loss_ratio
50,structural,2.19263E+02,1.99330E-02
100,structural,8.54511E+02,7.76828E-02
150,structural,1.05310E+03,9.57360E-02
200,structural,1.27240E+03,1.15673E-01
