#,,,"generated_by='OpenQuake engine 3.14.0-git10ba91dcbd', start_date='2022-04-09T05:35:56', checksum=2643904665, investigation_time=50.0, risk_investigation_time=50.0"
loss_type,rlz_id,loss_value,loss_ratio
structural,0,1.75926E+01,1.59932E-03
structural,1,1.70254E+01,1.54776E-03
