#,,"generated_by='OpenQuake engine 3.14.0-git10ba91dcbd', start_date='2022-04-09T05:35:57', checksum=2643904665, investigation_time=50.0, risk_investigation_time=50.0"
loss_type,loss_value,loss_ratio
structural,3.46180E+01,3.14709E-03
